  Γû▓ Next.js 14.2.35
  - Environments: .env.local

   Creating an optimized production build ...
 Γ£ô Compiled successfully
   Linting and checking validity of types ...
   Collecting page data ...
   Generating static pages (0/35) ...
   Generating static pages (8/35) 
   Generating static pages (17/35) 
   Generating static pages (26/35) 
 Γ£ô Generating static pages (35/35)
   Finalizing page optimization ...
   Collecting build traces ...

Route (app)                              Size     First Load JS
Γöî Γùï /                                    753 B          96.9 kB
Γö£ Γùï /_not-found                          873 B          88.3 kB
Γö£ ╞Æ /api/auth/accept-join                0 B                0 B
Γö£ ╞Æ /api/auth/complete-signup            0 B                0 B
Γö£ ╞Æ /api/auth/delete-account             0 B                0 B
Γö£ ╞Æ /api/auth/validate-token             0 B                0 B
Γö£ ╞Æ /api/auth/verify-link                0 B                0 B
Γö£ ╞Æ /api/check-phone                     0 B                0 B
Γö£ ╞Æ /api/internal/process-message        0 B                0 B
Γö£ Γùï /api/keep-warm                       0 B                0 B
Γö£ ╞Æ /api/seed                            0 B                0 B
Γö£ ╞Æ /api/tasks                           0 B                0 B
Γö£ ╞Æ /api/tasks/[taskId]                  0 B                0 B
Γö£ ╞Æ /api/tasks/[taskId]/timeline         0 B                0 B
Γö£ ╞Æ /api/test-auth                       0 B                0 B
Γö£ ╞Æ /api/test-login                      0 B                0 B
Γö£ ╞Æ /api/test-register                   0 B                0 B
Γö£ ╞Æ /api/users                           0 B                0 B
Γö£ ╞Æ /api/webhook/whatsapp                0 B                0 B
Γö£ ╞Æ /assigned-tasks                      167 B          87.6 kB
Γö£ Γùï /auth/callback                       1.11 kB         144 kB
Γö£ ╞Æ /calendar                            167 B          87.6 kB
Γö£ ╞Æ /home                                3.81 kB         110 kB
Γö£ Γùï /huehue                              3.03 kB        90.5 kB
Γö£ Γùï /join-request                        2.04 kB        89.5 kB
Γö£ Γùï /login                               3.47 kB        99.6 kB
Γö£ ╞Æ /my-tasks                            167 B          87.6 kB
Γö£ ╞Æ /profile                             5.25 kB         156 kB
Γö£ ╞Æ /settings                            167 B          87.6 kB
Γö£ Γùï /signup                              3.42 kB        99.6 kB
Γö£ Γùï /signup/complete                     4.46 kB         147 kB
Γö£ ╞Æ /stats                               167 B          87.6 kB
Γö£ ╞Æ /tasks                               6.97 kB         114 kB
Γö£ ╞Æ /team/[userId]                       4.97 kB         112 kB
Γöö ╞Æ /todos                               167 B          87.6 kB
+ First Load JS shared by all            87.5 kB
  Γö£ chunks/117-7fb5d5b7c9f3f41b.js       31.7 kB
  Γö£ chunks/fd9d1056-8233a754bf35f49c.js  53.6 kB
  Γöö other shared chunks (total)          2.13 kB


╞Æ Middleware                             74.4 kB

Γùï  (Static)   prerendered as static content
╞Æ  (Dynamic)  server-rendered on demand

