app/api/tasks/[taskId]/route.ts(391,17): error TS2578: Unused '@ts-expect-error' directive.
app/api/tasks/[taskId]/route.ts(400,21): error TS2578: Unused '@ts-expect-error' directive.
app/api/webhook/whatsapp/route.ts(76,28): error TS2802: Type 'Map<string, number>' can only be iterated through when using the '--downlevelIteration' flag or with a '--target' of 'es2015' or higher.
